[1.355s] Invoking command in '/home/kang/ros2_ws/src/my_first_pkg': PYTHONPATH=/home/kang/ros2_ws/build/my_first_pkg/prefix_override:/usr/lib/python3/dist-packages/colcon_core/task/python/colcon_distutils_commands:/home/kang/ros2_ws/install/my_first_pkg/lib/python3.12/site-packages:${PYTHONPATH} /usr/bin/python3 -W ignore:setup.py install is deprecated -W ignore:easy_install command is deprecated setup.py egg_info --egg-base ../../build/my_first_pkg build --build-base /home/kang/ros2_ws/build/my_first_pkg/build install --record /home/kang/ros2_ws/build/my_first_pkg/install.log --single-version-externally-managed install_data
[1.667s] running egg_info
[1.667s] creating ../../build/my_first_pkg/my_first_pkg.egg-info
[1.685s] writing ../../build/my_first_pkg/my_first_pkg.egg-info/PKG-INFO
[1.686s] writing dependency_links to ../../build/my_first_pkg/my_first_pkg.egg-info/dependency_links.txt
[1.686s] writing entry points to ../../build/my_first_pkg/my_first_pkg.egg-info/entry_points.txt
[1.686s] writing requirements to ../../build/my_first_pkg/my_first_pkg.egg-info/requires.txt
[1.686s] writing top-level names to ../../build/my_first_pkg/my_first_pkg.egg-info/top_level.txt
[1.686s] writing manifest file '../../build/my_first_pkg/my_first_pkg.egg-info/SOURCES.txt'
[1.724s] reading manifest file '../../build/my_first_pkg/my_first_pkg.egg-info/SOURCES.txt'
[1.725s] writing manifest file '../../build/my_first_pkg/my_first_pkg.egg-info/SOURCES.txt'
[1.725s] running build
[1.725s] running build_py
[1.725s] creating /home/kang/ros2_ws/build/my_first_pkg/build
[1.725s] creating /home/kang/ros2_ws/build/my_first_pkg/build/lib
[1.726s] creating /home/kang/ros2_ws/build/my_first_pkg/build/lib/my_first_pkg
[1.726s] copying my_first_pkg/__init__.py -> /home/kang/ros2_ws/build/my_first_pkg/build/lib/my_first_pkg
[1.726s] copying my_first_pkg/hello_node.py -> /home/kang/ros2_ws/build/my_first_pkg/build/lib/my_first_pkg
[1.726s] running install
[1.735s] running install_lib
[1.755s] creating /home/kang/ros2_ws/install/my_first_pkg/lib/python3.12/site-packages/my_first_pkg
[1.755s] copying /home/kang/ros2_ws/build/my_first_pkg/build/lib/my_first_pkg/__init__.py -> /home/kang/ros2_ws/install/my_first_pkg/lib/python3.12/site-packages/my_first_pkg
[1.755s] copying /home/kang/ros2_ws/build/my_first_pkg/build/lib/my_first_pkg/hello_node.py -> /home/kang/ros2_ws/install/my_first_pkg/lib/python3.12/site-packages/my_first_pkg
[1.756s] byte-compiling /home/kang/ros2_ws/install/my_first_pkg/lib/python3.12/site-packages/my_first_pkg/__init__.py to __init__.cpython-312.pyc
[1.756s] byte-compiling /home/kang/ros2_ws/install/my_first_pkg/lib/python3.12/site-packages/my_first_pkg/hello_node.py to hello_node.cpython-312.pyc
[1.757s] running install_data
[1.757s] creating /home/kang/ros2_ws/install/my_first_pkg/share/ament_index
[1.757s] creating /home/kang/ros2_ws/install/my_first_pkg/share/ament_index/resource_index
[1.757s] creating /home/kang/ros2_ws/install/my_first_pkg/share/ament_index/resource_index/packages
[1.757s] copying resource/my_first_pkg -> /home/kang/ros2_ws/install/my_first_pkg/share/ament_index/resource_index/packages
[1.757s] copying package.xml -> /home/kang/ros2_ws/install/my_first_pkg/share/my_first_pkg
[1.757s] running install_egg_info
[1.778s] Copying ../../build/my_first_pkg/my_first_pkg.egg-info to /home/kang/ros2_ws/install/my_first_pkg/lib/python3.12/site-packages/my_first_pkg-0.0.0-py3.12.egg-info
[1.779s] running install_scripts
[1.917s] Installing hello_node script to /home/kang/ros2_ws/install/my_first_pkg/lib/my_first_pkg
[1.918s] writing list of installed files to '/home/kang/ros2_ws/build/my_first_pkg/install.log'
[2.008s] Invoked command in '/home/kang/ros2_ws/src/my_first_pkg' returned '0': PYTHONPATH=/home/kang/ros2_ws/build/my_first_pkg/prefix_override:/usr/lib/python3/dist-packages/colcon_core/task/python/colcon_distutils_commands:/home/kang/ros2_ws/install/my_first_pkg/lib/python3.12/site-packages:${PYTHONPATH} /usr/bin/python3 -W ignore:setup.py install is deprecated -W ignore:easy_install command is deprecated setup.py egg_info --egg-base ../../build/my_first_pkg build --build-base /home/kang/ros2_ws/build/my_first_pkg/build install --record /home/kang/ros2_ws/build/my_first_pkg/install.log --single-version-externally-managed install_data
