[0.015s] Invoking command in '/home/kang/ros2_ws/build/slam_bot': CMAKE_PREFIX_PATH=/opt/ros/jazzy /usr/bin/cmake --build /home/kang/ros2_ws/build/slam_bot -- -j4 -l4
[0.111s] [ 50%] Built target position_estimator
[0.126s] [ 75%] [32mBuilding CXX object CMakeFiles/kalman_filter.dir/src/kalman_filter.cpp.o[0m
[14.737s] [100%] [32m[1mLinking CXX executable kalman_filter[0m
[15.598s] [100%] Built target kalman_filter
[15.620s] Invoked command in '/home/kang/ros2_ws/build/slam_bot' returned '0': CMAKE_PREFIX_PATH=/opt/ros/jazzy /usr/bin/cmake --build /home/kang/ros2_ws/build/slam_bot -- -j4 -l4
[15.637s] Invoking command in '/home/kang/ros2_ws/build/slam_bot': CMAKE_PREFIX_PATH=/opt/ros/jazzy /usr/bin/cmake --install /home/kang/ros2_ws/build/slam_bot
[15.650s] -- Install configuration: ""
[15.650s] -- Up-to-date: /home/kang/ros2_ws/install/slam_bot/lib/slam_bot/position_estimator
[15.651s] -- Installing: /home/kang/ros2_ws/install/slam_bot/lib/slam_bot/kalman_filter
[15.663s] -- Set non-toolchain portion of runtime path of "/home/kang/ros2_ws/install/slam_bot/lib/slam_bot/kalman_filter" to ""
[15.663s] -- Up-to-date: /home/kang/ros2_ws/install/slam_bot/share/ament_index/resource_index/package_run_dependencies/slam_bot
[15.665s] -- Up-to-date: /home/kang/ros2_ws/install/slam_bot/share/ament_index/resource_index/parent_prefix_path/slam_bot
[15.666s] -- Up-to-date: /home/kang/ros2_ws/install/slam_bot/share/slam_bot/environment/ament_prefix_path.sh
[15.666s] -- Up-to-date: /home/kang/ros2_ws/install/slam_bot/share/slam_bot/environment/ament_prefix_path.dsv
[15.666s] -- Up-to-date: /home/kang/ros2_ws/install/slam_bot/share/slam_bot/environment/path.sh
[15.666s] -- Up-to-date: /home/kang/ros2_ws/install/slam_bot/share/slam_bot/environment/path.dsv
[15.666s] -- Up-to-date: /home/kang/ros2_ws/install/slam_bot/share/slam_bot/local_setup.bash
[15.666s] -- Up-to-date: /home/kang/ros2_ws/install/slam_bot/share/slam_bot/local_setup.sh
[15.666s] -- Up-to-date: /home/kang/ros2_ws/install/slam_bot/share/slam_bot/local_setup.zsh
[15.666s] -- Up-to-date: /home/kang/ros2_ws/install/slam_bot/share/slam_bot/local_setup.dsv
[15.666s] -- Installing: /home/kang/ros2_ws/install/slam_bot/share/slam_bot/package.dsv
[15.667s] -- Up-to-date: /home/kang/ros2_ws/install/slam_bot/share/ament_index/resource_index/packages/slam_bot
[15.667s] -- Up-to-date: /home/kang/ros2_ws/install/slam_bot/share/slam_bot/cmake/slam_botConfig.cmake
[15.667s] -- Up-to-date: /home/kang/ros2_ws/install/slam_bot/share/slam_bot/cmake/slam_botConfig-version.cmake
[15.668s] -- Up-to-date: /home/kang/ros2_ws/install/slam_bot/share/slam_bot/package.xml
[15.668s] Invoked command in '/home/kang/ros2_ws/build/slam_bot' returned '0': CMAKE_PREFIX_PATH=/opt/ros/jazzy /usr/bin/cmake --install /home/kang/ros2_ws/build/slam_bot
