[1.029s] Invoking command in '/home/kang/ros2_ws/src/my_first_pkg': PYTHONPATH=/home/kang/ros2_ws/build/my_first_pkg/prefix_override:/usr/lib/python3/dist-packages/colcon_core/task/python/colcon_distutils_commands:/home/kang/ros2_ws/install/my_first_pkg/lib/python3.12/site-packages:${PYTHONPATH} /usr/bin/python3 -W ignore:setup.py install is deprecated -W ignore:easy_install command is deprecated setup.py egg_info --egg-base ../../build/my_first_pkg build --build-base /home/kang/ros2_ws/build/my_first_pkg/build install --record /home/kang/ros2_ws/build/my_first_pkg/install.log --single-version-externally-managed install_data
[1.329s] running egg_info
[1.347s] writing ../../build/my_first_pkg/my_first_pkg.egg-info/PKG-INFO
[1.347s] writing dependency_links to ../../build/my_first_pkg/my_first_pkg.egg-info/dependency_links.txt
[1.348s] writing entry points to ../../build/my_first_pkg/my_first_pkg.egg-info/entry_points.txt
[1.349s] writing requirements to ../../build/my_first_pkg/my_first_pkg.egg-info/requires.txt
[1.350s] writing top-level names to ../../build/my_first_pkg/my_first_pkg.egg-info/top_level.txt
[1.389s] reading manifest file '../../build/my_first_pkg/my_first_pkg.egg-info/SOURCES.txt'
[1.390s] writing manifest file '../../build/my_first_pkg/my_first_pkg.egg-info/SOURCES.txt'
[1.391s] running build
[1.391s] running build_py
[1.391s] copying my_first_pkg/hello_node.py -> /home/kang/ros2_ws/build/my_first_pkg/build/lib/my_first_pkg
[1.391s] running install
[1.401s] running install_lib
[1.420s] copying /home/kang/ros2_ws/build/my_first_pkg/build/lib/my_first_pkg/hello_node.py -> /home/kang/ros2_ws/install/my_first_pkg/lib/python3.12/site-packages/my_first_pkg
[1.421s] byte-compiling /home/kang/ros2_ws/install/my_first_pkg/lib/python3.12/site-packages/my_first_pkg/hello_node.py to hello_node.cpython-312.pyc
[1.421s] running install_data
[1.422s] running install_egg_info
[1.442s] removing '/home/kang/ros2_ws/install/my_first_pkg/lib/python3.12/site-packages/my_first_pkg-0.0.0-py3.12.egg-info' (and everything under it)
[1.443s] Copying ../../build/my_first_pkg/my_first_pkg.egg-info to /home/kang/ros2_ws/install/my_first_pkg/lib/python3.12/site-packages/my_first_pkg-0.0.0-py3.12.egg-info
[1.444s] running install_scripts
[1.582s] Installing hello_node script to /home/kang/ros2_ws/install/my_first_pkg/lib/my_first_pkg
[1.583s] writing list of installed files to '/home/kang/ros2_ws/build/my_first_pkg/install.log'
[1.660s] Invoked command in '/home/kang/ros2_ws/src/my_first_pkg' returned '0': PYTHONPATH=/home/kang/ros2_ws/build/my_first_pkg/prefix_override:/usr/lib/python3/dist-packages/colcon_core/task/python/colcon_distutils_commands:/home/kang/ros2_ws/install/my_first_pkg/lib/python3.12/site-packages:${PYTHONPATH} /usr/bin/python3 -W ignore:setup.py install is deprecated -W ignore:easy_install command is deprecated setup.py egg_info --egg-base ../../build/my_first_pkg build --build-base /home/kang/ros2_ws/build/my_first_pkg/build install --record /home/kang/ros2_ws/build/my_first_pkg/install.log --single-version-externally-managed install_data
