[0.016s] Invoking command in '/home/kang/ros2_ws/build/slam_bot': CMAKE_PREFIX_PATH=/opt/ros/jazzy /usr/bin/cmake --build /home/kang/ros2_ws/build/slam_bot -- -j4 -l4
[0.117s] [ 50%] Built target position_estimator
[0.125s] [ 75%] [32mBuilding CXX object CMakeFiles/kalman_filter.dir/src/kalman_filter.cpp.o[0m
[13.766s] [100%] [32m[1mLinking CXX executable kalman_filter[0m
[14.451s] [100%] Built target kalman_filter
[14.472s] Invoked command in '/home/kang/ros2_ws/build/slam_bot' returned '0': CMAKE_PREFIX_PATH=/opt/ros/jazzy /usr/bin/cmake --build /home/kang/ros2_ws/build/slam_bot -- -j4 -l4
[14.490s] Invoking command in '/home/kang/ros2_ws/build/slam_bot': CMAKE_PREFIX_PATH=/opt/ros/jazzy /usr/bin/cmake --install /home/kang/ros2_ws/build/slam_bot
[14.502s] -- Install configuration: ""
[14.502s] -- Up-to-date: /home/kang/ros2_ws/install/slam_bot/lib/slam_bot/position_estimator
[14.503s] -- Installing: /home/kang/ros2_ws/install/slam_bot/lib/slam_bot/kalman_filter
[14.515s] -- Set non-toolchain portion of runtime path of "/home/kang/ros2_ws/install/slam_bot/lib/slam_bot/kalman_filter" to ""
[14.515s] -- Up-to-date: /home/kang/ros2_ws/install/slam_bot/share/ament_index/resource_index/package_run_dependencies/slam_bot
[14.516s] -- Up-to-date: /home/kang/ros2_ws/install/slam_bot/share/ament_index/resource_index/parent_prefix_path/slam_bot
[14.516s] -- Up-to-date: /home/kang/ros2_ws/install/slam_bot/share/slam_bot/environment/ament_prefix_path.sh
[14.516s] -- Up-to-date: /home/kang/ros2_ws/install/slam_bot/share/slam_bot/environment/ament_prefix_path.dsv
[14.516s] -- Up-to-date: /home/kang/ros2_ws/install/slam_bot/share/slam_bot/environment/path.sh
[14.516s] -- Up-to-date: /home/kang/ros2_ws/install/slam_bot/share/slam_bot/environment/path.dsv
[14.517s] -- Up-to-date: /home/kang/ros2_ws/install/slam_bot/share/slam_bot/local_setup.bash
[14.517s] -- Up-to-date: /home/kang/ros2_ws/install/slam_bot/share/slam_bot/local_setup.sh
[14.517s] -- Up-to-date: /home/kang/ros2_ws/install/slam_bot/share/slam_bot/local_setup.zsh
[14.517s] -- Up-to-date: /home/kang/ros2_ws/install/slam_bot/share/slam_bot/local_setup.dsv
[14.517s] -- Installing: /home/kang/ros2_ws/install/slam_bot/share/slam_bot/package.dsv
[14.517s] -- Up-to-date: /home/kang/ros2_ws/install/slam_bot/share/ament_index/resource_index/packages/slam_bot
[14.517s] -- Up-to-date: /home/kang/ros2_ws/install/slam_bot/share/slam_bot/cmake/slam_botConfig.cmake
[14.517s] -- Up-to-date: /home/kang/ros2_ws/install/slam_bot/share/slam_bot/cmake/slam_botConfig-version.cmake
[14.517s] -- Up-to-date: /home/kang/ros2_ws/install/slam_bot/share/slam_bot/package.xml
[14.519s] Invoked command in '/home/kang/ros2_ws/build/slam_bot' returned '0': CMAKE_PREFIX_PATH=/opt/ros/jazzy /usr/bin/cmake --install /home/kang/ros2_ws/build/slam_bot
