[0.015s] Invoking command in '/home/kang/ros2_ws/build/slam_bot': CMAKE_PREFIX_PATH=${CMAKE_PREFIX_PATH}:/opt/ros/jazzy /usr/bin/cmake --build /home/kang/ros2_ws/build/slam_bot -- -j4 -l4
[0.107s] [ 50%] [32mBuilding CXX object CMakeFiles/position_estimator.dir/src/position_estimator.cpp.o[0m
[0.107s] [ 50%] [32mBuilding CXX object CMakeFiles/kalman_filter.dir/src/kalman_filter.cpp.o[0m
[8.201s] [ 75%] [32m[1mLinking CXX executable position_estimator[0m
[8.594s] [ 75%] Built target position_estimator
[14.945s] [100%] [32m[1mLinking CXX executable kalman_filter[0m
[15.660s] [100%] Built target kalman_filter
[15.679s] Invoked command in '/home/kang/ros2_ws/build/slam_bot' returned '0': CMAKE_PREFIX_PATH=${CMAKE_PREFIX_PATH}:/opt/ros/jazzy /usr/bin/cmake --build /home/kang/ros2_ws/build/slam_bot -- -j4 -l4
[15.697s] Invoking command in '/home/kang/ros2_ws/build/slam_bot': CMAKE_PREFIX_PATH=${CMAKE_PREFIX_PATH}:/opt/ros/jazzy /usr/bin/cmake --install /home/kang/ros2_ws/build/slam_bot
[15.710s] -- Install configuration: ""
[15.710s] -- Installing: /home/kang/ros2_ws/install/slam_bot/lib/slam_bot/position_estimator
[15.714s] -- Set non-toolchain portion of runtime path of "/home/kang/ros2_ws/install/slam_bot/lib/slam_bot/position_estimator" to ""
[15.714s] -- Installing: /home/kang/ros2_ws/install/slam_bot/lib/slam_bot/kalman_filter
[15.724s] -- Set non-toolchain portion of runtime path of "/home/kang/ros2_ws/install/slam_bot/lib/slam_bot/kalman_filter" to ""
[15.725s] -- Up-to-date: /home/kang/ros2_ws/install/slam_bot/share/ament_index/resource_index/package_run_dependencies/slam_bot
[15.727s] -- Up-to-date: /home/kang/ros2_ws/install/slam_bot/share/ament_index/resource_index/parent_prefix_path/slam_bot
[15.727s] -- Up-to-date: /home/kang/ros2_ws/install/slam_bot/share/slam_bot/environment/ament_prefix_path.sh
[15.727s] -- Up-to-date: /home/kang/ros2_ws/install/slam_bot/share/slam_bot/environment/ament_prefix_path.dsv
[15.727s] -- Up-to-date: /home/kang/ros2_ws/install/slam_bot/share/slam_bot/environment/path.sh
[15.727s] -- Up-to-date: /home/kang/ros2_ws/install/slam_bot/share/slam_bot/environment/path.dsv
[15.727s] -- Up-to-date: /home/kang/ros2_ws/install/slam_bot/share/slam_bot/local_setup.bash
[15.727s] -- Up-to-date: /home/kang/ros2_ws/install/slam_bot/share/slam_bot/local_setup.sh
[15.727s] -- Up-to-date: /home/kang/ros2_ws/install/slam_bot/share/slam_bot/local_setup.zsh
[15.727s] -- Up-to-date: /home/kang/ros2_ws/install/slam_bot/share/slam_bot/local_setup.dsv
[15.727s] -- Installing: /home/kang/ros2_ws/install/slam_bot/share/slam_bot/package.dsv
[15.728s] -- Up-to-date: /home/kang/ros2_ws/install/slam_bot/share/ament_index/resource_index/packages/slam_bot
[15.728s] -- Up-to-date: /home/kang/ros2_ws/install/slam_bot/share/slam_bot/cmake/slam_botConfig.cmake
[15.728s] -- Up-to-date: /home/kang/ros2_ws/install/slam_bot/share/slam_bot/cmake/slam_botConfig-version.cmake
[15.728s] -- Up-to-date: /home/kang/ros2_ws/install/slam_bot/share/slam_bot/package.xml
[15.729s] Invoked command in '/home/kang/ros2_ws/build/slam_bot' returned '0': CMAKE_PREFIX_PATH=${CMAKE_PREFIX_PATH}:/opt/ros/jazzy /usr/bin/cmake --install /home/kang/ros2_ws/build/slam_bot
