[0.014s] Invoking command in '/home/kang/ros2_ws/build/slam_bot': CMAKE_PREFIX_PATH=/opt/ros/jazzy /usr/bin/cmake --build /home/kang/ros2_ws/build/slam_bot -- -j4 -l4
[0.105s] [ 50%] Built target position_estimator
[0.120s] [100%] Built target kalman_filter
[0.144s] Invoked command in '/home/kang/ros2_ws/build/slam_bot' returned '0': CMAKE_PREFIX_PATH=/opt/ros/jazzy /usr/bin/cmake --build /home/kang/ros2_ws/build/slam_bot -- -j4 -l4
[0.163s] Invoking command in '/home/kang/ros2_ws/build/slam_bot': CMAKE_PREFIX_PATH=/opt/ros/jazzy /usr/bin/cmake --install /home/kang/ros2_ws/build/slam_bot
[0.176s] -- Install configuration: ""
[0.176s] -- Up-to-date: /home/kang/ros2_ws/install/slam_bot/lib/slam_bot/position_estimator
[0.177s] -- Up-to-date: /home/kang/ros2_ws/install/slam_bot/lib/slam_bot/kalman_filter
[0.177s] -- Up-to-date: /home/kang/ros2_ws/install/slam_bot/share/ament_index/resource_index/package_run_dependencies/slam_bot
[0.178s] -- Up-to-date: /home/kang/ros2_ws/install/slam_bot/share/ament_index/resource_index/parent_prefix_path/slam_bot
[0.178s] -- Up-to-date: /home/kang/ros2_ws/install/slam_bot/share/slam_bot/environment/ament_prefix_path.sh
[0.178s] -- Up-to-date: /home/kang/ros2_ws/install/slam_bot/share/slam_bot/environment/ament_prefix_path.dsv
[0.178s] -- Up-to-date: /home/kang/ros2_ws/install/slam_bot/share/slam_bot/environment/path.sh
[0.178s] -- Up-to-date: /home/kang/ros2_ws/install/slam_bot/share/slam_bot/environment/path.dsv
[0.178s] -- Up-to-date: /home/kang/ros2_ws/install/slam_bot/share/slam_bot/local_setup.bash
[0.178s] -- Up-to-date: /home/kang/ros2_ws/install/slam_bot/share/slam_bot/local_setup.sh
[0.178s] -- Up-to-date: /home/kang/ros2_ws/install/slam_bot/share/slam_bot/local_setup.zsh
[0.178s] -- Up-to-date: /home/kang/ros2_ws/install/slam_bot/share/slam_bot/local_setup.dsv
[0.179s] -- Installing: /home/kang/ros2_ws/install/slam_bot/share/slam_bot/package.dsv
[0.179s] -- Up-to-date: /home/kang/ros2_ws/install/slam_bot/share/ament_index/resource_index/packages/slam_bot
[0.179s] -- Up-to-date: /home/kang/ros2_ws/install/slam_bot/share/slam_bot/cmake/slam_botConfig.cmake
[0.179s] -- Up-to-date: /home/kang/ros2_ws/install/slam_bot/share/slam_bot/cmake/slam_botConfig-version.cmake
[0.179s] -- Up-to-date: /home/kang/ros2_ws/install/slam_bot/share/slam_bot/package.xml
[0.182s] Invoked command in '/home/kang/ros2_ws/build/slam_bot' returned '0': CMAKE_PREFIX_PATH=/opt/ros/jazzy /usr/bin/cmake --install /home/kang/ros2_ws/build/slam_bot
